layer at (0,0) size 800x600
  LayoutView at (0,0) size 800x600
layer at (0,0) size 800x36
  LayoutBlockFlow {HTML} at (0,0) size 800x36 [color=#FFFFFF]
    LayoutBlockFlow {BODY} at (8,8) size 784x20
      LayoutTable (anonymous) at (0,0) size 30x20
        LayoutTableSection (anonymous) at (0,0) size 30x20
          LayoutTableRow {DIV} at (0,0) size 30x20
            LayoutTableCell (anonymous) at (0,0) size 10x10 [r=0 c=0 rs=1 cs=1]
              LayoutBlockFlow {DIV} at (0,0) size 10x10
                LayoutText {#text} at (0,0) size 10x10
                  text run at (0,0) width 10: "A"
            LayoutTableCell {TD} at (10,0) size 10x10 [r=0 c=1 rs=1 cs=1]
              LayoutText {#text} at (0,0) size 10x10
                text run at (0,0) width 10: "B"
            LayoutTableCell (anonymous) at (20,0) size 10x20 [r=0 c=2 rs=1 cs=1]
              LayoutBlockFlow {DIV} at (0,0) size 10x10
                LayoutText {#text} at (0,0) size 10x10
                  text run at (0,0) width 10: "C"
              LayoutBlockFlow {DIV} at (0,10) size 10x10
                LayoutText {#text} at (0,0) size 10x10
                  text run at (0,0) width 10: "D"
