layer at (0,0) size 800x600
  LayoutView at (0,0) size 800x600
layer at (0,0) size 800x298
  LayoutBlockFlow {HTML} at (0,0) size 800x298 [color=#FF0000]
    LayoutBlockFlow {BODY} at (0,0) size 800x298
      LayoutBlockFlow {H2} at (72,0) size 656x72 [color=#000080]
        LayoutText {#text} at (12,46) size 134x27
          text run at (12,46) width 134: "Hello World!"
layer at (36,72) size 764x226
  LayoutBlockFlow (relative positioned) {DIV} at (36,72) size 764x226 [border: (12px solid #00000000)]
    LayoutTable {TABLE} at (12,12) size 0x0
      LayoutTableSection {TBODY} at (0,0) size 0x0
        LayoutTableRow {TR} at (0,0) size 0x0
          LayoutTableCell {TD} at (0,0) size 0x0 [r=0 c=0 rs=1 cs=1]
    LayoutBlockFlow {DIV} at (60,60) size 120x12 [bgcolor=#FF0000] [border: none (12px solid #000000) none (12px solid #000000)]
      LayoutBlockFlow {DIV} at (12,0) size 144x12
        LayoutText {#text} at (0,-2) size 90x15
          text run at (0,-2) width 90: "                              "
    LayoutBlockFlow (floating) {DIV} at (36,96) size 168x48 [border: none (12px solid #000000)]
      LayoutBlockFlow {DIV} at (12,0) size 144x48 [bgcolor=#FFFF00]
        LayoutBlockFlow {DIV} at (60,12) size 24x24 [bgcolor=#FF0000]
          LayoutBlockFlow {<pseudo:before>} at (0,0) size 24x12 [border: none (12px solid #FFFF00) (12px solid #000000) (12px solid #FFFF00)]
            LayoutTextFragment (anonymous) at (0,0) size 0x0
          LayoutBlockFlow {<pseudo:after>} at (0,12) size 24x12 [border: (12px solid #000000) (12px solid #FFFF00) none (12px solid #FFFF00)]
            LayoutTextFragment (anonymous) at (0,0) size 0x0
    LayoutBlockFlow {DIV} at (87,75) size 590x0
      LayoutBlockFlow {DIV} at (48,0) size 518x0
    LayoutBlockFlow {DIV} at (48,132) size 668x24
    LayoutBlockFlow {DIV} at (60,168) size 120x12 [bgcolor=#FFFF00] [border: none (12px solid #000000) none (12px solid #000000)]
      LayoutInline {DIV} at (0,0) size 1x2
        LayoutText {#text} at (12,8) size 1x2
          text run at (12,8) width 1: " "
    LayoutBlockFlow {DIV} at (12,180) size 740x12
      LayoutBlockFlow {DIV} at (60,0) size 96x12 [color=#FFA500] [bgcolor=#FFFF00] [border: none (24px solid #000000) none (24px solid #000000)]
    LayoutTable {UL} at (96,192) size 48x12 [bgcolor=#FF0000]
      LayoutTableSection (anonymous) at (0,0) size 48x12
        LayoutTableRow (anonymous) at (0,0) size 48x12
          LayoutTableCell {LI} at (0,0) size 12x0 [bgcolor=#000000] [r=0 c=0 rs=1 cs=1]
          LayoutTableCell (anonymous) at (12,0) size 12x12 [r=0 c=1 rs=1 cs=1]
            LayoutTable {LI} at (0,0) size 12x12 [bgcolor=#000000]
          LayoutTableCell {LI} at (24,0) size 12x0 [bgcolor=#000000] [r=0 c=2 rs=1 cs=1]
          LayoutTableCell (anonymous) at (36,0) size 12x12 [r=0 c=3 rs=1 cs=1]
            LayoutListItem {LI} at (0,0) size 12x12 [bgcolor=#000000]
layer at (48,276) size 740x10 scrollHeight 279
  LayoutBlockFlow {DIV} at (12,204) size 740x10
    LayoutTable {TABLE} at (0,0) size 64x279
      LayoutTableSection {TBODY} at (0,0) size 64x279
        LayoutTableRow {TR} at (0,0) size 64x279
          LayoutTableCell {TD} at (0,0) size 64x279 [r=0 c=0 rs=1 cs=1]
            LayoutImage {IMG} at (0,156) size 64x64
layer at (132,108) size 48x18
  LayoutBlockFlow (positioned) {P} at (132,108) size 48x18 [bgcolor=#000000] [border: none (6px solid #FFFF00) none]
layer at (132,144) size 48x15
  LayoutBlockFlow (positioned) {P} at (132,144) size 48x15 [bgcolor=#000000] [border: none (3px solid #FF0000) none]
layer at (108,120) size 96x12
  LayoutBlockFlow (positioned) {BLOCKQUOTE} at (72,48) size 96x12 [border: none (24px solid #000000) none (24px solid #000000)]
    LayoutBlockFlow (floating) {ADDRESS} at (24,0) size 48x12 [bgcolor=#FFFF00]
layer at (84,144) size 144x24
  LayoutBlockFlow (positioned) {DIV} at (48,72) size 144x24 [bgcolor=#FF0000]
    LayoutBlockFlow {DIV} at (0,0) size 144x0
      LayoutInline {OBJECT} at (0,0) size 131x15
        LayoutInline {OBJECT} at (0,0) size 131x15
          LayoutImage {OBJECT} at (13,0) size 131x24 [border: none (12px solid #000000) none]
    LayoutBlockFlow (floating) {DIV} at (0,0) size 144x24 [border: none (12px solid #FF0000) none (12px solid #000000)]
    LayoutBlockFlow {DIV} at (0,0) size 144x24 [border: none (24px solid #FFFF00)]
layer at (84,216) size 144x24
  LayoutBlockFlow (relative positioned) {DIV} at (0,0) size 144x24 [bgcolor=#000000]
layer at (96,216) size 120x24
  LayoutBlockFlow (positioned) {DIV} at (12,0) size 120x24 [border: (12px solid #FFFF00)]
    LayoutBlockFlow (floating) {SPAN} at (12,0) size 96x12 [border: none (12px solid #00000000) none (12px solid #00000000)]
      LayoutBlockFlow (floating) {EM} at (12,0) size 72x24 [border: (12px solid #FFFF00) none (12px solid #000000) none]
        LayoutBlockFlow {STRONG} at (0,12) size 72x0
